// Jest Snapshot v1, https://goo.gl/fbAQLP

exports[`<Player /> Renders... matches its snapshot 1`] = `
<Base
  className="c-slice"
  tagName="div"
>
  Whatever
</Base>
`;
