// Jest Snapshot v1, https://goo.gl/fbAQLP

exports[`<Slice /> Renders matches its snapshot 1`] = `
<Base
  className="c-slice"
  tagName="div"
>
  <span>
    Whatever
  </span>
</Base>
`;
