// Jest Snapshot v1, https://goo.gl/fbAQLP

exports[`<Button /> Renders... matches its snapshot 1`] = `
<Base
  className="c-button"
  tagName="button"
>
  Whatever
</Base>
`;
