// Jest Snapshot v1, https://goo.gl/fbAQLP

exports[`<Slice /> Renders... matches its snapshot 1`] = `
<Base
  className="u-print-only"
  tagName="div"
>
  Whatever
</Base>
`;
