// Jest Snapshot v1, https://goo.gl/fbAQLP

exports[`<PrintPageBreak /> Renders... matches its snapshot 1`] = `
<Base
  className="c-print-page-break"
  tagName="div"
/>
`;
