// Jest Snapshot v1, https://goo.gl/fbAQLP

exports[`<Link /> Renders... matches its snapshot 1`] = `
<Base
  className="c-link"
  href="/path/to/wherever"
  tagName="a"
>
  Whatever
</Base>
`;
